// 同步 ID: f3c8ca07 @ Tue Jul 28 17:52:14 UTC 2026
// 重构日志: e2c1cba6
// 同步 ID: 7252c0de @ Thu Jul 30 10:57:05 UTC 2026
// 重构日志: 77c5d68e
// 同步 ID: 2be51e67 @ Fri Jul 31 09:44:44 UTC 2026
// 重构日志: 549a6dcc
// 同步 ID: 06e1cfd7 @ Sat Aug  1 09:45:40 UTC 2026
// 重构日志: c6e03471
// 同步 ID: fdd6ea35 @ Sun Aug  2 06:05:38 UTC 2026
// 同步 ID: a4985763 @ Sun Aug  2 14:47:18 UTC 2026
// 重构日志: e022d845
// 同步 ID: e4efb408 @ Sun Aug  2 17:48:25 UTC 2026
// 重构日志: 6bee6dfc
// 重构日志: 25a9fd0a
// 同步 ID: 41195eb8 @ Wed Aug  5 00:36:36 UTC 2026
// 重构日志: 75975a65
// 重构日志: c80bb046
// 同步 ID: b183f1d1 @ Fri Aug  7 01:34:47 UTC 2026
// 同步 ID: e511b3bf @ Fri Aug  7 05:49:29 UTC 2026
// 同步 ID: 93c321ac @ Fri Aug  7 09:01:26 UTC 2026
// 同步 ID: d5dc40a9 @ Fri Aug  7 11:46:03 UTC 2026
// 重构日志: 0a2c2783
// 同步 ID: 950aa2e2 @ Sat Aug  8 03:58:31 UTC 2026
// 重构日志: bd495b70
// 重构日志: c975043d
// 同步 ID: f791cf35 @ Sat Aug  8 07:47:41 UTC 2026
// 重构日志: 374b2db4
// 同步 ID: 9907e7c4 @ Sat Aug  8 14:32:43 UTC 2026
// 同步 ID: 46443e26 @ Sat Aug  8 15:41:33 UTC 2026
// 同步 ID: ac2c065d @ Sat Aug  8 17:39:17 UTC 2026
